     VMA      LMA     Size Align Out     In      Symbol
       0        0        0     1 _stext = ORIGIN(FLASH) + 0x4000
       0        0        0     1 _bootloader_sram_start = 0x10006000
       0        0        0     1 _bootloader_sram_end = 0x10007C00
       0        0        0     1 PROVIDE(NonMaskableInt = DefaultHandler)
       0        0        0     1 PROVIDE(MemoryManagement = DefaultHandler)
       0        0        0     1 PROVIDE(BusFault = DefaultHandler)
       0        0        0     1 PROVIDE(UsageFault = DefaultHandler)
       0        0        0     1 PROVIDE(SVCall = DefaultHandler)
       0        0        0     1 PROVIDE(DebugMonitor = DefaultHandler)
       0        0        0     1 PROVIDE(PendSV = DefaultHandler)
       0        0        0     1 PROVIDE(SysTick = DefaultHandler)
       0        0        0     1 PROVIDE(DefaultHandler = DefaultHandler_)
       0        0        0     1 PROVIDE(HardFault = HardFault_)
       0        0        0     1 PROVIDE(__pre_init = DefaultPreInit)
       0        0        0     1 PROVIDE(_ram_end = ORIGIN(RAM) + LENGTH(RAM))
       0        0        0     1 PROVIDE(_stack_start = _ram_end)
 8020000  8020000      400     4 .vector_table
 8020000  8020000        0     1         __vector_table = .
 8020000  8020000        4     1         LONG(_stack_start & 0xFFFFFFF8)
 8020004  8020004        4     4         /home/magicaltux/projects/coldcard/catcard/target/thumbv7em-none-eabihf/release/deps/catcard_fw-1e7cf31c7c9d99cb.catcard_fw.c30c0a82fae83aa6-cgu.0.rcgu.o:(.vector_table.reset_vector)
 8020004  8020004        4     1                 __RESET_VECTOR
 8020008  8020008        0     1         __exceptions = .
 8020008  8020008       38     4         /home/magicaltux/projects/coldcard/catcard/target/thumbv7em-none-eabihf/release/deps/catcard_fw-1e7cf31c7c9d99cb.catcard_fw.c30c0a82fae83aa6-cgu.0.rcgu.o:(.vector_table.exceptions)
 8020008  8020008       38     1                 __EXCEPTIONS
 8020040  8020040        0     1         __eexceptions = .
 8020040  8020040      3c0     4         /home/magicaltux/projects/coldcard/catcard/target/thumbv7em-none-eabihf/release/deps/catcard_fw-1e7cf31c7c9d99cb.catcard_fw.c30c0a82fae83aa6-cgu.0.rcgu.o:(.vector_table.interrupts)
 8020040  8020040      3c0     1                 __INTERRUPTS
 8024000  8024000     8170     4 .text
 8024000  8024000        0     1         __stext = .
 8024000  8024000       58     4         /home/magicaltux/projects/coldcard/catcard/target/thumbv7em-none-eabihf/release/deps/catcard_fw-1e7cf31c7c9d99cb.catcard_fw.c30c0a82fae83aa6-cgu.0.rcgu.o:(.Reset)
 8024000  8024000        0     1                 $t
 8024001  8024001       3e     1                 Reset
 8024040  8024040        0     1                 $d
 8024058  8024058       88     2         /home/magicaltux/projects/coldcard/catcard/target/thumbv7em-none-eabihf/release/deps/catcard_fw-1e7cf31c7c9d99cb.catcard_fw.c30c0a82fae83aa6-cgu.0.rcgu.o:(.text._RINvNtCseIu8xSOcpsJ_10catcard_ui4text9draw_charKj80_Kj8_Kj400_ECsgKejalp0Psw_10catcard_fw)
 8024058  8024058        0     1                 $t
 8024059  8024059       88     1                 catcard_ui::text::draw_char::<128, 8, 1024>
 80240e0  80240e0        8     2         /home/magicaltux/projects/coldcard/catcard/target/thumbv7em-none-eabihf/release/deps/catcard_fw-1e7cf31c7c9d99cb.catcard_fw.c30c0a82fae83aa6-cgu.0.rcgu.o:(.text._RNvCs9wFQrvczXsK_7___rustc17rust_begin_unwind)
 80240e0  80240e0        0     1                 $t
 80240e1  80240e1        8     1                 __rustc::rust_begin_unwind
 80240e8  80240e8       14     2         /home/magicaltux/projects/coldcard/catcard/target/thumbv7em-none-eabihf/release/deps/catcard_fw-1e7cf31c7c9d99cb.catcard_fw.c30c0a82fae83aa6-cgu.0.rcgu.o:(.text._RNvCsgKejalp0Psw_10catcard_fw18___cortex_m_rt_main)
 80240e8  80240e8        0     1                 $t
 80240e9  80240e9       14     1                 catcard_fw::__cortex_m_rt_main
 80240fc  80240fc       d6     2         /home/magicaltux/projects/coldcard/catcard/target/thumbv7em-none-eabihf/release/deps/catcard_fw-1e7cf31c7c9d99cb.catcard_fw.c30c0a82fae83aa6-cgu.0.rcgu.o:(.text._RNvMNtCsgKejalp0Psw_10catcard_fw7displayNtB2_8PanelBus8transfer)
 80240fc  80240fc        0     1                 $t
 80240fd  80240fd       d6     1                 <catcard_fw::display::PanelBus>::transfer
 80241d2  80241d2      44a     2         /home/magicaltux/projects/coldcard/catcard/target/thumbv7em-none-eabihf/release/deps/catcard_fw-1e7cf31c7c9d99cb.catcard_fw.c30c0a82fae83aa6-cgu.0.rcgu.o:(.text._RNvNtCsgKejalp0Psw_10catcard_fw4boot8bring_up)
 80241d2  80241d2        0     1                 $t
 80241d3  80241d3      44a     1                 catcard_fw::boot::bring_up
 802461c  802461c       7e     2         /home/magicaltux/projects/coldcard/catcard/target/thumbv7em-none-eabihf/release/deps/catcard_fw-1e7cf31c7c9d99cb.catcard_fw.c30c0a82fae83aa6-cgu.0.rcgu.o:(.text._RNvNtCsgKejalp0Psw_10catcard_fw5panic13wipe_and_stop)
 802461c  802461c        0     1                 $t
 802461d  802461d       7e     1                 catcard_fw::panic::wipe_and_stop
 802469a  802469a      5ca     2         /home/magicaltux/projects/coldcard/catcard/target/thumbv7em-none-eabihf/release/deps/catcard_fw-1e7cf31c7c9d99cb.catcard_fw.c30c0a82fae83aa6-cgu.0.rcgu.o:(.text._RNvNtCsgKejalp0Psw_10catcard_fw8selftest4park)
 802469a  802469a        0     1                 $t
 802469b  802469b      5ca     1                 catcard_fw::selftest::park
 8024c64  8024c64        8     2         /home/magicaltux/projects/coldcard/catcard/target/thumbv7em-none-eabihf/release/deps/catcard_fw-1e7cf31c7c9d99cb.catcard_fw.c30c0a82fae83aa6-cgu.0.rcgu.o:(.text.main)
 8024c64  8024c64        0     1                 $t
 8024c65  8024c65        8     1                 main
 8024c6c  8024c6c       38     2         /home/magicaltux/projects/coldcard/catcard/target/thumbv7em-none-eabihf/release/deps/catcard_fw-1e7cf31c7c9d99cb.catcard_fw.c30c0a82fae83aa6-cgu.0.rcgu.o:(.text._RINvNtCs5w4lAWuVpaq_16catcard_callgate5entry22with_interrupts_maskedlNCNvMs_B4_NtB4_8Callgate3raw0EB4_)
 8024c6c  8024c6c        0     1                 $t
 8024c6d  8024c6d       38     1                 catcard_callgate::entry::with_interrupts_masked::<i32, <catcard_callgate::Callgate>::raw::{closure#0}>
 8024ca4  8024ca4       20     2         /home/magicaltux/projects/coldcard/catcard/target/thumbv7em-none-eabihf/release/deps/catcard_fw-1e7cf31c7c9d99cb.catcard_fw.c30c0a82fae83aa6-cgu.0.rcgu.o:(.text._RNvNtCs5w4lAWuVpaq_16catcard_callgate5entry6invoke)
 8024ca4  8024ca4        0     1                 $t
 8024ca5  8024ca5       20     1                 catcard_callgate::entry::invoke
 8024cc4  8024cc4       a6     2         /home/magicaltux/projects/coldcard/catcard/target/thumbv7em-none-eabihf/release/deps/catcard_fw-1e7cf31c7c9d99cb.catcard_fw.c30c0a82fae83aa6-cgu.0.rcgu.o:(.text._RNvMs_Cs5w4lAWuVpaq_16catcard_callgateNtB4_8Callgate8discover)
 8024cc4  8024cc4        0     1                 $t
 8024cc5  8024cc5       a6     1                 <catcard_callgate::Callgate>::discover
 8024d6c  8024d6c      2e4     4         /home/magicaltux/projects/coldcard/catcard/target/thumbv7em-none-eabihf/release/deps/catcard_fw-1e7cf31c7c9d99cb.catcard_fw.c30c0a82fae83aa6-cgu.0.rcgu.o:(.text._RNvMs2_NtCs5ch72LLEEpK_15catcard_entropy4poolNtB5_11EntropyPool6absorb)
 8024d6c  8024d6c        0     1                 $t
 8024d6d  8024d6d      2e4     1                 <catcard_entropy::pool::EntropyPool>::absorb
 8024dee  8024dee        0     1                 $d
 8024df6  8024df6        0     1                 $t
 8025050  8025050      198     2         /home/magicaltux/projects/coldcard/catcard/target/thumbv7em-none-eabihf/release/deps/catcard_fw-1e7cf31c7c9d99cb.catcard_fw.c30c0a82fae83aa6-cgu.0.rcgu.o:(.text._RNvMs2_NtCs5ch72LLEEpK_15catcard_entropy4poolNtB5_11EntropyPool3add)
 8025050  8025050        0     1                 $t
 8025051  8025051      198     1                 <catcard_entropy::pool::EntropyPool>::add
 80251e8  80251e8       86     2         /home/magicaltux/projects/coldcard/catcard/target/thumbv7em-none-eabihf/release/deps/catcard_fw-1e7cf31c7c9d99cb.catcard_fw.c30c0a82fae83aa6-cgu.0.rcgu.o:(.text._RNvMNtCshKgTlTpSQsB_11catcard_hal3rngNtB2_3Rng4word)
 80251e8  80251e8        0     1                 $t
 80251e9  80251e9       86     1                 <catcard_hal::rng::Rng>::word
 802526e  802526e       34     2         /home/magicaltux/projects/coldcard/catcard/target/thumbv7em-none-eabihf/release/deps/catcard_fw-1e7cf31c7c9d99cb.catcard_fw.c30c0a82fae83aa6-cgu.0.rcgu.o:(.text._RNvMs0_NtCshKgTlTpSQsB_11catcard_hal3spiNtB5_3Spi4wait)
 802526e  802526e        0     1                 $t
 802526f  802526f       34     1                 <catcard_hal::spi::Spi>::wait
 80252a2  80252a2       74     2         /home/magicaltux/projects/coldcard/catcard/target/thumbv7em-none-eabihf/release/deps/catcard_fw-1e7cf31c7c9d99cb.catcard_fw.c30c0a82fae83aa6-cgu.0.rcgu.o:(.text._RNvNtCshKgTlTpSQsB_11catcard_hal4gpio9configure)
 80252a2  80252a2        0     1                 $t
 80252a3  80252a3       74     1                 catcard_hal::gpio::configure
 8025316  8025316        8     2         /home/magicaltux/projects/coldcard/catcard/target/thumbv7em-none-eabihf/release/deps/catcard_fw-1e7cf31c7c9d99cb.catcard_fw.c30c0a82fae83aa6-cgu.0.rcgu.o:(.text.unlikely._RNvNtCs92e0Ppvf8WV_4core9panicking9panic_fmt)
 8025316  8025316        0     1                 $t
 8025317  8025317        8     1                 core::panicking::panic_fmt
 802531e  802531e        8     2         /home/magicaltux/projects/coldcard/catcard/target/thumbv7em-none-eabihf/release/deps/catcard_fw-1e7cf31c7c9d99cb.catcard_fw.c30c0a82fae83aa6-cgu.0.rcgu.o:(.text.unlikely._RNvNtNtCs92e0Ppvf8WV_4core9panicking11panic_const24panic_const_add_overflow)
 802531e  802531e        0     1                 $t
 802531f  802531f        8     1                 core::panicking::panic_const::panic_const_add_overflow
 8025326  8025326        6     2         /home/magicaltux/projects/coldcard/catcard/target/thumbv7em-none-eabihf/release/deps/catcard_fw-1e7cf31c7c9d99cb.catcard_fw.c30c0a82fae83aa6-cgu.0.rcgu.o:(.text.DefaultHandler_)
 8025326  8025326        0     1                 $t
 8025327  8025327        6     1                 DefaultHandler_
 802532c  802532c        6     2         /home/magicaltux/projects/coldcard/catcard/target/thumbv7em-none-eabihf/release/deps/catcard_fw-1e7cf31c7c9d99cb.catcard_fw.c30c0a82fae83aa6-cgu.0.rcgu.o:(.text.DefaultPreInit)
 802532c  802532c        0     1                 $t
 802532d  802532d        6     1                 DefaultPreInit
 8025332  8025332     67ee     2         /home/magicaltux/projects/coldcard/catcard/target/thumbv7em-none-eabihf/release/deps/catcard_fw-1e7cf31c7c9d99cb.catcard_fw.c30c0a82fae83aa6-cgu.0.rcgu.o:(.text._RNvNtCs4LHvOwOJo4y_4sha26sha51211compress512)
 8025332  8025332        0     1                 $t
 8025333  8025333     67ee     1                 sha2::sha512::compress512
 802bb20  802bb20       ae     2         /home/magicaltux/.rustup/toolchains/stable-x86_64-unknown-linux-gnu/lib/rustlib/thumbv7em-none-eabihf/lib/libcompiler_builtins-d8bd91292ef7e819.rlib(compiler_builtins-d8bd91292ef7e819.compiler_builtins.1b6459b95519dd6c-cgu.207.rcgu.o):(.text.__aeabi_memclr8)
 802bb20  802bb20        0     1                 $t
 802bb21  802bb21       ae     1                 __aeabi_memclr8
 802bbce  802bbce       9c     2         /home/magicaltux/.rustup/toolchains/stable-x86_64-unknown-linux-gnu/lib/rustlib/thumbv7em-none-eabihf/lib/libcompiler_builtins-d8bd91292ef7e819.rlib(compiler_builtins-d8bd91292ef7e819.compiler_builtins.1b6459b95519dd6c-cgu.215.rcgu.o):(.text.__aeabi_memcpy8)
 802bbce  802bbce        0     1                 $t
 802bbcf  802bbcf       9c     1                 __aeabi_memcpy8
 802bc6a  802bc6a      2da     2         /home/magicaltux/.rustup/toolchains/stable-x86_64-unknown-linux-gnu/lib/rustlib/thumbv7em-none-eabihf/lib/libcompiler_builtins-d8bd91292ef7e819.rlib(compiler_builtins-d8bd91292ef7e819.compiler_builtins.1b6459b95519dd6c-cgu.016.rcgu.o):(.text._RNvNtCs2lO1SO77HMC_17compiler_builtins3mem6memcpy)
 802bc6a  802bc6a        0     1                 $t
 802bc6b  802bc6b      2da     1                 compiler_builtins::mem::memcpy
 802bf44  802bf44       d0     2         /home/magicaltux/.rustup/toolchains/stable-x86_64-unknown-linux-gnu/lib/rustlib/thumbv7em-none-eabihf/lib/libcompiler_builtins-d8bd91292ef7e819.rlib(compiler_builtins-d8bd91292ef7e819.compiler_builtins.1b6459b95519dd6c-cgu.252.rcgu.o):(.text.__aeabi_memclr)
 802bf44  802bf44        0     1                 $t
 802bf45  802bf45       d0     1                 __aeabi_memclr
 802c014  802c014       9c     2         /home/magicaltux/.rustup/toolchains/stable-x86_64-unknown-linux-gnu/lib/rustlib/thumbv7em-none-eabihf/lib/libcompiler_builtins-d8bd91292ef7e819.rlib(compiler_builtins-d8bd91292ef7e819.compiler_builtins.1b6459b95519dd6c-cgu.295.rcgu.o):(.text.__aeabi_memcpy4)
 802c014  802c014        0     1                 $t
 802c015  802c015       9c     1                 __aeabi_memcpy4
 802c0b0  802c0b0        c     2         /home/magicaltux/.rustup/toolchains/stable-x86_64-unknown-linux-gnu/lib/rustlib/thumbv7em-none-eabihf/lib/libcompiler_builtins-d8bd91292ef7e819.rlib(compiler_builtins-d8bd91292ef7e819.compiler_builtins.1b6459b95519dd6c-cgu.353.rcgu.o):(.text.__aeabi_memcpy)
 802c0b0  802c0b0        0     1                 $t
 802c0b1  802c0b1        c     1                 __aeabi_memcpy
 802c0bc  802c0bc       ae     2         /home/magicaltux/.rustup/toolchains/stable-x86_64-unknown-linux-gnu/lib/rustlib/thumbv7em-none-eabihf/lib/libcompiler_builtins-d8bd91292ef7e819.rlib(compiler_builtins-d8bd91292ef7e819.compiler_builtins.1b6459b95519dd6c-cgu.356.rcgu.o):(.text.__aeabi_memclr4)
 802c0bc  802c0bc        0     1                 $t
 802c0bd  802c0bd       ae     1                 __aeabi_memclr4
 802c16a  802c16a        6     2         /home/magicaltux/projects/coldcard/catcard/target/thumbv7em-none-eabihf/release/deps/catcard_fw-1e7cf31c7c9d99cb.catcard_fw.c30c0a82fae83aa6-cgu.0.rcgu.o:(.HardFault.default)
 802c16a  802c16a        0     1                 $t
 802c16b  802c16b        6     1                 HardFault_
 802c170  802c170        0     1         . = ALIGN(4)
 802c170  802c170        0     1         __etext = .
 802c170  802c170      7fc     8 .rodata
 802c170  802c170        0     1         . = ALIGN(4)
 802c170  802c170        0     1         __srodata = .
 802c170  802c170       19     1         /home/magicaltux/projects/coldcard/catcard/target/thumbv7em-none-eabihf/release/deps/catcard_fw-1e7cf31c7c9d99cb.catcard_fw.c30c0a82fae83aa6-cgu.0.rcgu.o:(.rodata..Lanon.e377d64b4fe548583de4373ef67a04e6.4)
 802c170  802c170       19     1                 .Lanon.e377d64b4fe548583de4373ef67a04e6.4
 802c189  802c189        3     1         /home/magicaltux/projects/coldcard/catcard/target/thumbv7em-none-eabihf/release/deps/catcard_fw-1e7cf31c7c9d99cb.catcard_fw.c30c0a82fae83aa6-cgu.0.rcgu.o:(.rodata..Lanon.e377d64b4fe548583de4373ef67a04e6.5)
 802c189  802c189        3     1                 .Lanon.e377d64b4fe548583de4373ef67a04e6.5
 802c18c  802c18c        c     4         <internal>:(.rodata.cst4)
 802c198  802c198        7     1         /home/magicaltux/projects/coldcard/catcard/target/thumbv7em-none-eabihf/release/deps/catcard_fw-1e7cf31c7c9d99cb.catcard_fw.c30c0a82fae83aa6-cgu.0.rcgu.o:(.rodata..Lanon.e377d64b4fe548583de4373ef67a04e6.14)
 802c198  802c198        7     1                 .Lanon.e377d64b4fe548583de4373ef67a04e6.14
 802c19f  802c19f        5     1         /home/magicaltux/projects/coldcard/catcard/target/thumbv7em-none-eabihf/release/deps/catcard_fw-1e7cf31c7c9d99cb.catcard_fw.c30c0a82fae83aa6-cgu.0.rcgu.o:(.rodata..Lanon.e377d64b4fe548583de4373ef67a04e6.15)
 802c19f  802c19f        5     1                 .Lanon.e377d64b4fe548583de4373ef67a04e6.15
 802c1a4  802c1a4       18     1         <internal>:(.rodata.cst8)
 802c1bc  802c1bc        a     1         /home/magicaltux/projects/coldcard/catcard/target/thumbv7em-none-eabihf/release/deps/catcard_fw-1e7cf31c7c9d99cb.catcard_fw.c30c0a82fae83aa6-cgu.0.rcgu.o:(.rodata..Lanon.e377d64b4fe548583de4373ef67a04e6.17)
 802c1bc  802c1bc        a     1                 .Lanon.e377d64b4fe548583de4373ef67a04e6.17
 802c1c6  802c1c6        a     1         /home/magicaltux/projects/coldcard/catcard/target/thumbv7em-none-eabihf/release/deps/catcard_fw-1e7cf31c7c9d99cb.catcard_fw.c30c0a82fae83aa6-cgu.0.rcgu.o:(.rodata..Lanon.e377d64b4fe548583de4373ef67a04e6.18)
 802c1c6  802c1c6        a     1                 .Lanon.e377d64b4fe548583de4373ef67a04e6.18
 802c1d0  802c1d0        3     1         /home/magicaltux/projects/coldcard/catcard/target/thumbv7em-none-eabihf/release/deps/catcard_fw-1e7cf31c7c9d99cb.catcard_fw.c30c0a82fae83aa6-cgu.0.rcgu.o:(.rodata..Lanon.e377d64b4fe548583de4373ef67a04e6.22)
 802c1d0  802c1d0        3     1                 .Lanon.e377d64b4fe548583de4373ef67a04e6.22
 802c1d3  802c1d3        a     1         /home/magicaltux/projects/coldcard/catcard/target/thumbv7em-none-eabihf/release/deps/catcard_fw-1e7cf31c7c9d99cb.catcard_fw.c30c0a82fae83aa6-cgu.0.rcgu.o:(.rodata..Lanon.e377d64b4fe548583de4373ef67a04e6.23)
 802c1d3  802c1d3        a     1                 .Lanon.e377d64b4fe548583de4373ef67a04e6.23
 802c1dd  802c1dd       16     1         /home/magicaltux/projects/coldcard/catcard/target/thumbv7em-none-eabihf/release/deps/catcard_fw-1e7cf31c7c9d99cb.catcard_fw.c30c0a82fae83aa6-cgu.0.rcgu.o:(.rodata..Lanon.e377d64b4fe548583de4373ef67a04e6.24)
 802c1dd  802c1dd       16     1                 .Lanon.e377d64b4fe548583de4373ef67a04e6.24
 802c1f3  802c1f3       16     1         /home/magicaltux/projects/coldcard/catcard/target/thumbv7em-none-eabihf/release/deps/catcard_fw-1e7cf31c7c9d99cb.catcard_fw.c30c0a82fae83aa6-cgu.0.rcgu.o:(.rodata..Lanon.e16ffc22b88f9f55a8e18713c75c7275.15)
 802c1f3  802c1f3       16     1                 .Lanon.e16ffc22b88f9f55a8e18713c75c7275.15
 802c209  802c209       13     1         /home/magicaltux/projects/coldcard/catcard/target/thumbv7em-none-eabihf/release/deps/catcard_fw-1e7cf31c7c9d99cb.catcard_fw.c30c0a82fae83aa6-cgu.0.rcgu.o:(.rodata..Lanon.e16ffc22b88f9f55a8e18713c75c7275.16)
 802c209  802c209       13     1                 .Lanon.e16ffc22b88f9f55a8e18713c75c7275.16
 802c21c  802c21c       14     1         /home/magicaltux/projects/coldcard/catcard/target/thumbv7em-none-eabihf/release/deps/catcard_fw-1e7cf31c7c9d99cb.catcard_fw.c30c0a82fae83aa6-cgu.0.rcgu.o:(.rodata..Lanon.e16ffc22b88f9f55a8e18713c75c7275.17)
 802c21c  802c21c       14     1                 .Lanon.e16ffc22b88f9f55a8e18713c75c7275.17
 802c230  802c230       14     1         /home/magicaltux/projects/coldcard/catcard/target/thumbv7em-none-eabihf/release/deps/catcard_fw-1e7cf31c7c9d99cb.catcard_fw.c30c0a82fae83aa6-cgu.0.rcgu.o:(.rodata..Lanon.e16ffc22b88f9f55a8e18713c75c7275.18)
 802c230  802c230       14     1                 .Lanon.e16ffc22b88f9f55a8e18713c75c7275.18
 802c244  802c244       17     1         /home/magicaltux/projects/coldcard/catcard/target/thumbv7em-none-eabihf/release/deps/catcard_fw-1e7cf31c7c9d99cb.catcard_fw.c30c0a82fae83aa6-cgu.0.rcgu.o:(.rodata..Lanon.e16ffc22b88f9f55a8e18713c75c7275.19)
 802c244  802c244       17     1                 .Lanon.e16ffc22b88f9f55a8e18713c75c7275.19
 802c25b  802c25b        f     1         /home/magicaltux/projects/coldcard/catcard/target/thumbv7em-none-eabihf/release/deps/catcard_fw-1e7cf31c7c9d99cb.catcard_fw.c30c0a82fae83aa6-cgu.0.rcgu.o:(.rodata..Lanon.e16ffc22b88f9f55a8e18713c75c7275.20)
 802c25b  802c25b        f     1                 .Lanon.e16ffc22b88f9f55a8e18713c75c7275.20
 802c26a  802c26a       16     1         /home/magicaltux/projects/coldcard/catcard/target/thumbv7em-none-eabihf/release/deps/catcard_fw-1e7cf31c7c9d99cb.catcard_fw.c30c0a82fae83aa6-cgu.0.rcgu.o:(.rodata..Lanon.e16ffc22b88f9f55a8e18713c75c7275.21)
 802c26a  802c26a       16     1                 .Lanon.e16ffc22b88f9f55a8e18713c75c7275.21
 802c280  802c280       17     8         /home/magicaltux/projects/coldcard/catcard/target/thumbv7em-none-eabihf/release/deps/catcard_fw-1e7cf31c7c9d99cb.catcard_fw.c30c0a82fae83aa6-cgu.0.rcgu.o:(.rodata..Lanon.e16ffc22b88f9f55a8e18713c75c7275.27)
 802c280  802c280       17     1                 .Lanon.e16ffc22b88f9f55a8e18713c75c7275.27
 802c298  802c298       40     8         /home/magicaltux/projects/coldcard/catcard/target/thumbv7em-none-eabihf/release/deps/catcard_fw-1e7cf31c7c9d99cb.catcard_fw.c30c0a82fae83aa6-cgu.0.rcgu.o:(.rodata..Lanon.e16ffc22b88f9f55a8e18713c75c7275.73)
 802c298  802c298       40     1                 .Lanon.e16ffc22b88f9f55a8e18713c75c7275.73
 802c2d8  802c2d8      2f8     1         /home/magicaltux/projects/coldcard/catcard/target/thumbv7em-none-eabihf/release/deps/catcard_fw-1e7cf31c7c9d99cb.catcard_fw.c30c0a82fae83aa6-cgu.0.rcgu.o:(.rodata._RNvNtCseIu8xSOcpsJ_10catcard_ui4font6GLYPHS)
 802c2d8  802c2d8      2f8     1                 catcard_ui::font::GLYPHS
 802c5d0  802c5d0      100     1         /home/magicaltux/projects/coldcard/catcard/target/thumbv7em-none-eabihf/release/deps/catcard_fw-1e7cf31c7c9d99cb.catcard_fw.c30c0a82fae83aa6-cgu.0.rcgu.o:(.rodata..Lanon.35b7304b642439e0101a6b7417369b53.192)
 802c5d0  802c5d0      100     1                 .Lanon.35b7304b642439e0101a6b7417369b53.192
 802c6d0  802c6d0      280     8         /home/magicaltux/projects/coldcard/catcard/target/thumbv7em-none-eabihf/release/deps/catcard_fw-1e7cf31c7c9d99cb.catcard_fw.c30c0a82fae83aa6-cgu.0.rcgu.o:(.rodata..Lanon.7c3c2e74d2bef165701e5334b7719d3f.2)
 802c6d0  802c6d0      280     1                 .Lanon.7c3c2e74d2bef165701e5334b7719d3f.2
 802c950  802c950       1c     4         /home/magicaltux/projects/coldcard/catcard/target/thumbv7em-none-eabihf/release/deps/catcard_fw-1e7cf31c7c9d99cb.catcard_fw.c30c0a82fae83aa6-cgu.0.rcgu.o:(.rodata..Lswitch.table._RNvMs2_NtCs5ch72LLEEpK_15catcard_entropy4poolNtB5_11EntropyPool3add)
 802c950  802c950       1c     1                 .Lswitch.table._RNvMs2_NtCs5ch72LLEEpK_15catcard_entropy4poolNtB5_11EntropyPool3add
 802c96c  802c96c        0     1         . = ALIGN(4)
 802c96c  802c96c        0     1         __erodata = .
20000000  802c96c       14     4 .data
20000000  802c96c        0     1         . = ALIGN(4)
20000000  802c96c        0     1         __sdata = .
20000000  802c96c       14     4         /home/magicaltux/projects/coldcard/catcard/target/thumbv7em-none-eabihf/release/deps/catcard_fw-1e7cf31c7c9d99cb.catcard_fw.c30c0a82fae83aa6-cgu.0.rcgu.o:(.data.CATCARD_BOOT_STATUS)
20000000  802c96c       14     1                 CATCARD_BOOT_STATUS
20000014  802c980        0     1         . = ALIGN(4)
20000014  802c980        0     1 . = ALIGN(4)
20000014  802c980        0     1 __edata = .
20000014  802c980        0     1 __sidata = LOADADDR(.data)
 802c980  802c980        0    32 .gnu.sgstubs
 802c980  802c980        0     1         . = ALIGN(32)
 802c980  802c980        0     1         __veneer_base = .
 802c980  802c980        0     1         . = ALIGN(32)
 802c980  802c980        0     1 . = ALIGN(32)
 802c980  802c980        0     1 __veneer_limit = .
20000014 20000014        0     4 .bss
20000014 20000014        0     1         . = ALIGN(4)
20000014 20000014        0     1         __sbss = .
20000014 20000014        0     1         . = ALIGN(4)
20000014 20000014        0     1 . = ALIGN(4)
20000014 20000014        0     1 __ebss = .
20000014 20000014        0     4 .uninit
20000014 20000014        0     1         . = ALIGN(4)
20000014 20000014        0     1         __suninit = .
20000014 20000014        0     1         . = ALIGN(4)
20000014 20000014        0     1         __euninit = .
20000014 20000014        0     1 . = ALIGN(4)
20000014 20000014        0     1 PROVIDE(__sheap = .)
20000014 20000014        0     1 PROVIDE(_stack_end = .)
20000014 20000014        0     1 
20000014 20000014        0     1 
20000014 20000014        0     1 
20000014 20000014        0     1 
20000014 20000014        0     1 
20000014 20000014        0     1 
20000014 20000014        0     1 
20000014 20000014        0     1 
20000014 20000014        0     1 
20000014 20000014        0     1 
20000014 20000014        0     1 
20000014 20000014        0     1 
20000014 20000014        0     1 
20000014 20000014        0     1 
20000014 20000014        0     1 
20000014 20000014        0     1 
20000014 20000014        0     1 
       0        0    5dd86     1 .debug_loc
       0        0    5dd86     1         /home/magicaltux/projects/coldcard/catcard/target/thumbv7em-none-eabihf/release/deps/catcard_fw-1e7cf31c7c9d99cb.catcard_fw.c30c0a82fae83aa6-cgu.0.rcgu.o:(.debug_loc)
       0        0      d61     1 .debug_abbrev
       0        0      89d     1         /home/magicaltux/projects/coldcard/catcard/target/thumbv7em-none-eabihf/release/deps/catcard_fw-1e7cf31c7c9d99cb.catcard_fw.c30c0a82fae83aa6-cgu.0.rcgu.o:(.debug_abbrev)
     89d      89d       b2     1         /home/magicaltux/.rustup/toolchains/stable-x86_64-unknown-linux-gnu/lib/rustlib/thumbv7em-none-eabihf/lib/libcompiler_builtins-d8bd91292ef7e819.rlib(compiler_builtins-d8bd91292ef7e819.compiler_builtins.1b6459b95519dd6c-cgu.207.rcgu.o):(.debug_abbrev)
     94f      94f       8e     1         /home/magicaltux/.rustup/toolchains/stable-x86_64-unknown-linux-gnu/lib/rustlib/thumbv7em-none-eabihf/lib/libcompiler_builtins-d8bd91292ef7e819.rlib(compiler_builtins-d8bd91292ef7e819.compiler_builtins.1b6459b95519dd6c-cgu.215.rcgu.o):(.debug_abbrev)
     9dd      9dd      131     1         /home/magicaltux/.rustup/toolchains/stable-x86_64-unknown-linux-gnu/lib/rustlib/thumbv7em-none-eabihf/lib/libcompiler_builtins-d8bd91292ef7e819.rlib(compiler_builtins-d8bd91292ef7e819.compiler_builtins.1b6459b95519dd6c-cgu.016.rcgu.o):(.debug_abbrev)
     b0e      b0e       c5     1         /home/magicaltux/.rustup/toolchains/stable-x86_64-unknown-linux-gnu/lib/rustlib/thumbv7em-none-eabihf/lib/libcompiler_builtins-d8bd91292ef7e819.rlib(compiler_builtins-d8bd91292ef7e819.compiler_builtins.1b6459b95519dd6c-cgu.252.rcgu.o):(.debug_abbrev)
     bd3      bd3       7d     1         /home/magicaltux/.rustup/toolchains/stable-x86_64-unknown-linux-gnu/lib/rustlib/thumbv7em-none-eabihf/lib/libcompiler_builtins-d8bd91292ef7e819.rlib(compiler_builtins-d8bd91292ef7e819.compiler_builtins.1b6459b95519dd6c-cgu.295.rcgu.o):(.debug_abbrev)
     c50      c50       5f     1         /home/magicaltux/.rustup/toolchains/stable-x86_64-unknown-linux-gnu/lib/rustlib/thumbv7em-none-eabihf/lib/libcompiler_builtins-d8bd91292ef7e819.rlib(compiler_builtins-d8bd91292ef7e819.compiler_builtins.1b6459b95519dd6c-cgu.353.rcgu.o):(.debug_abbrev)
     caf      caf       b2     1         /home/magicaltux/.rustup/toolchains/stable-x86_64-unknown-linux-gnu/lib/rustlib/thumbv7em-none-eabihf/lib/libcompiler_builtins-d8bd91292ef7e819.rlib(compiler_builtins-d8bd91292ef7e819.compiler_builtins.1b6459b95519dd6c-cgu.356.rcgu.o):(.debug_abbrev)
       0        0    27725     1 .debug_info
       0        0    261ca     1         /home/magicaltux/projects/coldcard/catcard/target/thumbv7em-none-eabihf/release/deps/catcard_fw-1e7cf31c7c9d99cb.catcard_fw.c30c0a82fae83aa6-cgu.0.rcgu.o:(.debug_info)
   261ca    261ca      1fa     1         /home/magicaltux/.rustup/toolchains/stable-x86_64-unknown-linux-gnu/lib/rustlib/thumbv7em-none-eabihf/lib/libcompiler_builtins-d8bd91292ef7e819.rlib(compiler_builtins-d8bd91292ef7e819.compiler_builtins.1b6459b95519dd6c-cgu.207.rcgu.o):(.debug_info)
   263c4    263c4      123     1         /home/magicaltux/.rustup/toolchains/stable-x86_64-unknown-linux-gnu/lib/rustlib/thumbv7em-none-eabihf/lib/libcompiler_builtins-d8bd91292ef7e819.rlib(compiler_builtins-d8bd91292ef7e819.compiler_builtins.1b6459b95519dd6c-cgu.215.rcgu.o):(.debug_info)
   264e7    264e7      bfe     1         /home/magicaltux/.rustup/toolchains/stable-x86_64-unknown-linux-gnu/lib/rustlib/thumbv7em-none-eabihf/lib/libcompiler_builtins-d8bd91292ef7e819.rlib(compiler_builtins-d8bd91292ef7e819.compiler_builtins.1b6459b95519dd6c-cgu.016.rcgu.o):(.debug_info)
   270e5    270e5      2ac     1         /home/magicaltux/.rustup/toolchains/stable-x86_64-unknown-linux-gnu/lib/rustlib/thumbv7em-none-eabihf/lib/libcompiler_builtins-d8bd91292ef7e819.rlib(compiler_builtins-d8bd91292ef7e819.compiler_builtins.1b6459b95519dd6c-cgu.252.rcgu.o):(.debug_info)
   27391    27391      105     1         /home/magicaltux/.rustup/toolchains/stable-x86_64-unknown-linux-gnu/lib/rustlib/thumbv7em-none-eabihf/lib/libcompiler_builtins-d8bd91292ef7e819.rlib(compiler_builtins-d8bd91292ef7e819.compiler_builtins.1b6459b95519dd6c-cgu.295.rcgu.o):(.debug_info)
   27496    27496       95     1         /home/magicaltux/.rustup/toolchains/stable-x86_64-unknown-linux-gnu/lib/rustlib/thumbv7em-none-eabihf/lib/libcompiler_builtins-d8bd91292ef7e819.rlib(compiler_builtins-d8bd91292ef7e819.compiler_builtins.1b6459b95519dd6c-cgu.353.rcgu.o):(.debug_info)
   2752b    2752b      1fa     1         /home/magicaltux/.rustup/toolchains/stable-x86_64-unknown-linux-gnu/lib/rustlib/thumbv7em-none-eabihf/lib/libcompiler_builtins-d8bd91292ef7e819.rlib(compiler_builtins-d8bd91292ef7e819.compiler_builtins.1b6459b95519dd6c-cgu.356.rcgu.o):(.debug_info)
       0        0      2b0     1 .debug_aranges
       0        0      1c0     1         /home/magicaltux/projects/coldcard/catcard/target/thumbv7em-none-eabihf/release/deps/catcard_fw-1e7cf31c7c9d99cb.catcard_fw.c30c0a82fae83aa6-cgu.0.rcgu.o:(.debug_aranges)
     1c0      1c0       20     1         /home/magicaltux/.rustup/toolchains/stable-x86_64-unknown-linux-gnu/lib/rustlib/thumbv7em-none-eabihf/lib/libcompiler_builtins-d8bd91292ef7e819.rlib(compiler_builtins-d8bd91292ef7e819.compiler_builtins.1b6459b95519dd6c-cgu.207.rcgu.o):(.debug_aranges)
     1e0      1e0       20     1         /home/magicaltux/.rustup/toolchains/stable-x86_64-unknown-linux-gnu/lib/rustlib/thumbv7em-none-eabihf/lib/libcompiler_builtins-d8bd91292ef7e819.rlib(compiler_builtins-d8bd91292ef7e819.compiler_builtins.1b6459b95519dd6c-cgu.215.rcgu.o):(.debug_aranges)
     200      200       30     1         /home/magicaltux/.rustup/toolchains/stable-x86_64-unknown-linux-gnu/lib/rustlib/thumbv7em-none-eabihf/lib/libcompiler_builtins-d8bd91292ef7e819.rlib(compiler_builtins-d8bd91292ef7e819.compiler_builtins.1b6459b95519dd6c-cgu.016.rcgu.o):(.debug_aranges)
     230      230       20     1         /home/magicaltux/.rustup/toolchains/stable-x86_64-unknown-linux-gnu/lib/rustlib/thumbv7em-none-eabihf/lib/libcompiler_builtins-d8bd91292ef7e819.rlib(compiler_builtins-d8bd91292ef7e819.compiler_builtins.1b6459b95519dd6c-cgu.252.rcgu.o):(.debug_aranges)
     250      250       20     1         /home/magicaltux/.rustup/toolchains/stable-x86_64-unknown-linux-gnu/lib/rustlib/thumbv7em-none-eabihf/lib/libcompiler_builtins-d8bd91292ef7e819.rlib(compiler_builtins-d8bd91292ef7e819.compiler_builtins.1b6459b95519dd6c-cgu.295.rcgu.o):(.debug_aranges)
     270      270       20     1         /home/magicaltux/.rustup/toolchains/stable-x86_64-unknown-linux-gnu/lib/rustlib/thumbv7em-none-eabihf/lib/libcompiler_builtins-d8bd91292ef7e819.rlib(compiler_builtins-d8bd91292ef7e819.compiler_builtins.1b6459b95519dd6c-cgu.353.rcgu.o):(.debug_aranges)
     290      290       20     1         /home/magicaltux/.rustup/toolchains/stable-x86_64-unknown-linux-gnu/lib/rustlib/thumbv7em-none-eabihf/lib/libcompiler_builtins-d8bd91292ef7e819.rlib(compiler_builtins-d8bd91292ef7e819.compiler_builtins.1b6459b95519dd6c-cgu.356.rcgu.o):(.debug_aranges)
       0        0    173a8     1 .debug_ranges
       0        0    16db0     1         /home/magicaltux/projects/coldcard/catcard/target/thumbv7em-none-eabihf/release/deps/catcard_fw-1e7cf31c7c9d99cb.catcard_fw.c30c0a82fae83aa6-cgu.0.rcgu.o:(.debug_ranges)
   16db0    16db0       48     1         /home/magicaltux/.rustup/toolchains/stable-x86_64-unknown-linux-gnu/lib/rustlib/thumbv7em-none-eabihf/lib/libcompiler_builtins-d8bd91292ef7e819.rlib(compiler_builtins-d8bd91292ef7e819.compiler_builtins.1b6459b95519dd6c-cgu.207.rcgu.o):(.debug_ranges)
   16df8    16df8       48     1         /home/magicaltux/.rustup/toolchains/stable-x86_64-unknown-linux-gnu/lib/rustlib/thumbv7em-none-eabihf/lib/libcompiler_builtins-d8bd91292ef7e819.rlib(compiler_builtins-d8bd91292ef7e819.compiler_builtins.1b6459b95519dd6c-cgu.215.rcgu.o):(.debug_ranges)
   16e40    16e40      4a8     1         /home/magicaltux/.rustup/toolchains/stable-x86_64-unknown-linux-gnu/lib/rustlib/thumbv7em-none-eabihf/lib/libcompiler_builtins-d8bd91292ef7e819.rlib(compiler_builtins-d8bd91292ef7e819.compiler_builtins.1b6459b95519dd6c-cgu.016.rcgu.o):(.debug_ranges)
   172e8    172e8       30     1         /home/magicaltux/.rustup/toolchains/stable-x86_64-unknown-linux-gnu/lib/rustlib/thumbv7em-none-eabihf/lib/libcompiler_builtins-d8bd91292ef7e819.rlib(compiler_builtins-d8bd91292ef7e819.compiler_builtins.1b6459b95519dd6c-cgu.252.rcgu.o):(.debug_ranges)
   17318    17318       48     1         /home/magicaltux/.rustup/toolchains/stable-x86_64-unknown-linux-gnu/lib/rustlib/thumbv7em-none-eabihf/lib/libcompiler_builtins-d8bd91292ef7e819.rlib(compiler_builtins-d8bd91292ef7e819.compiler_builtins.1b6459b95519dd6c-cgu.295.rcgu.o):(.debug_ranges)
   17360    17360       48     1         /home/magicaltux/.rustup/toolchains/stable-x86_64-unknown-linux-gnu/lib/rustlib/thumbv7em-none-eabihf/lib/libcompiler_builtins-d8bd91292ef7e819.rlib(compiler_builtins-d8bd91292ef7e819.compiler_builtins.1b6459b95519dd6c-cgu.356.rcgu.o):(.debug_ranges)
       0        0    14bda     1 .debug_str
       0        0    14bda     1         <internal>:(.debug_str)
       0        0       8b     1 .comment
       0        0       8b     1         <internal>:(.comment)
       0        0       38     1 .ARM.attributes
       0        0       38     1         /home/magicaltux/projects/coldcard/catcard/target/thumbv7em-none-eabihf/release/deps/catcard_fw-1e7cf31c7c9d99cb.catcard_fw.c30c0a82fae83aa6-cgu.0.rcgu.o:(.ARM.attributes)
       0        0      4b8     4 .debug_frame
       0        0      300     4         /home/magicaltux/projects/coldcard/catcard/target/thumbv7em-none-eabihf/release/deps/catcard_fw-1e7cf31c7c9d99cb.catcard_fw.c30c0a82fae83aa6-cgu.0.rcgu.o:(.debug_frame)
     300      300       30     4         /home/magicaltux/.rustup/toolchains/stable-x86_64-unknown-linux-gnu/lib/rustlib/thumbv7em-none-eabihf/lib/libcompiler_builtins-d8bd91292ef7e819.rlib(compiler_builtins-d8bd91292ef7e819.compiler_builtins.1b6459b95519dd6c-cgu.207.rcgu.o):(.debug_frame)
     330      330       34     4         /home/magicaltux/.rustup/toolchains/stable-x86_64-unknown-linux-gnu/lib/rustlib/thumbv7em-none-eabihf/lib/libcompiler_builtins-d8bd91292ef7e819.rlib(compiler_builtins-d8bd91292ef7e819.compiler_builtins.1b6459b95519dd6c-cgu.215.rcgu.o):(.debug_frame)
     364      364       8c     4         /home/magicaltux/.rustup/toolchains/stable-x86_64-unknown-linux-gnu/lib/rustlib/thumbv7em-none-eabihf/lib/libcompiler_builtins-d8bd91292ef7e819.rlib(compiler_builtins-d8bd91292ef7e819.compiler_builtins.1b6459b95519dd6c-cgu.016.rcgu.o):(.debug_frame)
     3f0      3f0       34     4         /home/magicaltux/.rustup/toolchains/stable-x86_64-unknown-linux-gnu/lib/rustlib/thumbv7em-none-eabihf/lib/libcompiler_builtins-d8bd91292ef7e819.rlib(compiler_builtins-d8bd91292ef7e819.compiler_builtins.1b6459b95519dd6c-cgu.252.rcgu.o):(.debug_frame)
     424      424       34     4         /home/magicaltux/.rustup/toolchains/stable-x86_64-unknown-linux-gnu/lib/rustlib/thumbv7em-none-eabihf/lib/libcompiler_builtins-d8bd91292ef7e819.rlib(compiler_builtins-d8bd91292ef7e819.compiler_builtins.1b6459b95519dd6c-cgu.295.rcgu.o):(.debug_frame)
     458      458       30     4         /home/magicaltux/.rustup/toolchains/stable-x86_64-unknown-linux-gnu/lib/rustlib/thumbv7em-none-eabihf/lib/libcompiler_builtins-d8bd91292ef7e819.rlib(compiler_builtins-d8bd91292ef7e819.compiler_builtins.1b6459b95519dd6c-cgu.353.rcgu.o):(.debug_frame)
     488      488       30     4         /home/magicaltux/.rustup/toolchains/stable-x86_64-unknown-linux-gnu/lib/rustlib/thumbv7em-none-eabihf/lib/libcompiler_builtins-d8bd91292ef7e819.rlib(compiler_builtins-d8bd91292ef7e819.compiler_builtins.1b6459b95519dd6c-cgu.356.rcgu.o):(.debug_frame)
       0        0     ecef     1 .debug_line
       0        0     d2b1     1         /home/magicaltux/projects/coldcard/catcard/target/thumbv7em-none-eabihf/release/deps/catcard_fw-1e7cf31c7c9d99cb.catcard_fw.c30c0a82fae83aa6-cgu.0.rcgu.o:(.debug_line)
    d2b1     d2b1      310     1         /home/magicaltux/.rustup/toolchains/stable-x86_64-unknown-linux-gnu/lib/rustlib/thumbv7em-none-eabihf/lib/libcompiler_builtins-d8bd91292ef7e819.rlib(compiler_builtins-d8bd91292ef7e819.compiler_builtins.1b6459b95519dd6c-cgu.207.rcgu.o):(.debug_line)
    d5c1     d5c1      1f8     1         /home/magicaltux/.rustup/toolchains/stable-x86_64-unknown-linux-gnu/lib/rustlib/thumbv7em-none-eabihf/lib/libcompiler_builtins-d8bd91292ef7e819.rlib(compiler_builtins-d8bd91292ef7e819.compiler_builtins.1b6459b95519dd6c-cgu.215.rcgu.o):(.debug_line)
    d7b9     d7b9      bec     1         /home/magicaltux/.rustup/toolchains/stable-x86_64-unknown-linux-gnu/lib/rustlib/thumbv7em-none-eabihf/lib/libcompiler_builtins-d8bd91292ef7e819.rlib(compiler_builtins-d8bd91292ef7e819.compiler_builtins.1b6459b95519dd6c-cgu.016.rcgu.o):(.debug_line)
    e3a5     e3a5      368     1         /home/magicaltux/.rustup/toolchains/stable-x86_64-unknown-linux-gnu/lib/rustlib/thumbv7em-none-eabihf/lib/libcompiler_builtins-d8bd91292ef7e819.rlib(compiler_builtins-d8bd91292ef7e819.compiler_builtins.1b6459b95519dd6c-cgu.252.rcgu.o):(.debug_line)
    e70d     e70d      1f8     1         /home/magicaltux/.rustup/toolchains/stable-x86_64-unknown-linux-gnu/lib/rustlib/thumbv7em-none-eabihf/lib/libcompiler_builtins-d8bd91292ef7e819.rlib(compiler_builtins-d8bd91292ef7e819.compiler_builtins.1b6459b95519dd6c-cgu.295.rcgu.o):(.debug_line)
    e905     e905       da     1         /home/magicaltux/.rustup/toolchains/stable-x86_64-unknown-linux-gnu/lib/rustlib/thumbv7em-none-eabihf/lib/libcompiler_builtins-d8bd91292ef7e819.rlib(compiler_builtins-d8bd91292ef7e819.compiler_builtins.1b6459b95519dd6c-cgu.353.rcgu.o):(.debug_line)
    e9df     e9df      310     1         /home/magicaltux/.rustup/toolchains/stable-x86_64-unknown-linux-gnu/lib/rustlib/thumbv7em-none-eabihf/lib/libcompiler_builtins-d8bd91292ef7e819.rlib(compiler_builtins-d8bd91292ef7e819.compiler_builtins.1b6459b95519dd6c-cgu.356.rcgu.o):(.debug_line)
       0        0      840     4 .symtab
       0        0      840     4         <internal>:(.symtab)
       0        0       d6     1 .shstrtab
       0        0       d6     1         <internal>:(.shstrtab)
       0        0      c50     1 .strtab
       0        0      c50     1         <internal>:(.strtab)
